
Informatorio@Informatorio-PC MINGW64 ~/Desktop/Repositorio (master)
$ git init
Reinitialized existing Git repository in C:/Users/Informatorio/Desktop/Repositorio/.git/

Informatorio@Informatorio-PC MINGW64 ~/Desktop/Repositorio (master)
$ git add .

Informatorio@Informatorio-PC MINGW64 ~/Desktop/Repositorio (master)
$ git commit -m
error: switch `m' requires a value
usage: git commit [<options>] [--] <pathspec>...

    -q, --quiet           suppress summary after successful commit
    -v, --verbose         show diff in commit message template

Commit message options
    -F, --file <file>     read message from file
    --author <author>     override author for commit
    --date <date>         override date for commit
    -m, --message <message>
                          commit message
    -c, --reedit-message <commit>
                          reuse and edit message from specified commit
    -C, --reuse-message <commit>
                          reuse message from specified commit
    --fixup <commit>      use autosquash formatted message to fixup specified commit
    --squash <commit>     use autosquash formatted message to squash specified commit
    --reset-author        the commit is authored by me now (used with -C/-c/--amend)
    -s, --signoff         add Signed-off-by:
    -t, --template <file>
                          use specified template file
    -e, --edit            force edit of commit
    --cleanup <default>   how to strip spaces and #comments from message
    --status              include status in commit message template
    -S, --gpg-sign[=<key-id>]
                          GPG sign commit

Commit contents options
    -a, --all             commit all changed files
    -i, --include         add specified files to index for commit
    --interactive         interactively add files
    -p, --patch           interactively add changes
    -o, --only            commit only specified files
    -n, --no-verify       bypass pre-commit hook
    --dry-run             show what would be committed
    --short               show status concisely
    --branch              show branch information
    --porcelain           machine-readable output
    --long                show status in long format (default)
    -z, --null            terminate entries with NUL
    --amend               amend previous commit
    --no-post-rewrite     bypass post-rewrite hook
    -u, --untracked-files[=<mode>]
                          show untracked files, optional modes: all, normal, no. (Default: all)


Informatorio@Informatorio-PC MINGW64 ~/Desktop/Repositorio (master)
$ git commit -m "fhd"
[master 3d968ab] fhd
 1 file changed, 0 insertions(+), 0 deletions(-)
 create mode 100644 "sue\303\261ito.txt"

Informatorio@Informatorio-PC MINGW64 ~/Desktop/Repositorio (master)
$ git push -u origin master
Username for 'https://github.com': IrinaCabrera
remote: Invalid username or password.
fatal: Authentication failed for 'https://github.com/IrinaCabrera/Repositorio-Irina.git/'

Informatorio@Informatorio-PC MINGW64 ~/Desktop/Repositorio (master)
$ git push -u origin master
Username for 'https://github.com': IrinaCabrera
Counting objects: 3, done.
Delta compression using up to 4 threads.
Compressing objects: 100% (2/2), done.
Writing objects: 100% (3/3), 303 bytes | 0 bytes/s, done.
Total 3 (delta 0), reused 0 (delta 0)
To https://github.com/IrinaCabrera/Repositorio-Irina.git
   57d4026..3d968ab  master -> master
Branch master set up to track remote branch master from origin.

Informatorio@Informatorio-PC MINGW64 ~/Desktop/Repositorio (master)
$
